---
source: tui/src/diff_render.rs
expression: terminal.backend()
---
"• Proposed Changes 2 files (+2 -1)                                              "
"  └ a.txt (+1 -1)                                                               "
"    1     -one                                                                  "
"    1     +one changed                                                          "
"                                                                                "
"  └ b.txt (+1 -0)                                                               "
"    1     +new                                                                  "
"                                                                                "
"                                                                                "
"                                                                                "
"                                                                                "
"                                                                                "
"                                                                                "
"                                                                                "
