---
source: tui/src/modes/mode_bar.rs
assertion_line: 1022
expression: last
---
â–  E3107 NumberInvalid: num=abc
