---
source: tui/src/modes/mode_bar.rs
assertion_line: 978
expression: last
---
â–  E3106 BooleanInvalid: flag=notbool
