---
source: tui/src/modes/mode_bar.rs
expression: "render_lines(&view, 64)"
---
────────────────────────────────────────────────────────────────
Mode: [x] review · [ ] qa                                       
[target=staging_]                                               
════════════════════════════════════════════════════════════════
⏎ Apply  Esc Cancel
