---
source: tui/src/modes/mode_panel.rs
assertion_line: 500
expression: last
---
â–  E3101 RequiredMissing: /qa/level
