---
source: tui/src/modes/mode_bar.rs
assertion_line: 1066
expression: last
---
â–  E3108 PathInvalid: path=\u0001bad
