---
source: tui/src/chatwidget/tests.rs
expression: lines_to_single_string(&proposed_multi)
---
â€¢ Proposed command: bash -lc 'echo line1
echo line2'
