---
source: tui/src/chatwidget/tests.rs
expression: lines_to_single_string(&proposed)
---
â€¢ Proposed command: bash -lc 'echo hello world'
