---
source: tui/src/chatwidget/tests.rs
expression: visual
---
• Explored
  └ Search Change Approved
    Read diff_render.rs

• Investigating rendering code (0s • esc to interrupt)


› Summarize recent commits
